// Jest Snapshot v1, https://goo.gl/fbAQLP

exports[`check-snapshot works... 1`] = `
<p>
  I'm a fixture component
</p>
`;
